{"ts": "2026-07-23T22:06:45Z", "event": "match", "id": "395231", "artist": "PINK FLOYD", "title": "WISH YOU WERE HERE", "scheduled_time": "00:11:19"}
{"ts": "2026-07-23T22:06:45Z", "event": "notified", "id": "395231", "title": "WISH YOU WERE HERE"}
{"ts": "2026-07-23T22:10:46Z", "event": "match", "id": "2361223", "artist": "REV THEORY", "title": "HELL YEAH", "scheduled_time": "00:15:38"}
{"ts": "2026-07-23T22:10:46Z", "event": "notified", "id": "2361223", "title": "HELL YEAH"}
{"ts": "2026-07-23T22:16:04Z", "event": "match", "id": "1042", "artist": "BON JOVI", "title": "KEEP THE FAITH", "scheduled_time": "00:03:55"}
{"ts": "2026-07-23T22:16:05Z", "event": "notified", "id": "1042", "title": "KEEP THE FAITH"}
{"ts": "2026-07-28T23:36:12Z", "event": "fetch_error", "error": "<urlopen error [SSL: CERTIFICATE_VERIFY_FAILED] certificate verify failed: certificate has expired (_ssl.c:1000)>"}
{"ts": "2026-07-28T23:39:10Z", "event": "fetch_error", "error": "<urlopen error [SSL: CERTIFICATE_VERIFY_FAILED] certificate verify failed: certificate has expired (_ssl.c:1000)>"}
{"ts": "2026-07-28T23:42:18Z", "event": "fetch_error", "error": "<urlopen error [SSL: CERTIFICATE_VERIFY_FAILED] certificate verify failed: certificate has expired (_ssl.c:1000)>"}
{"ts": "2026-07-28T23:45:23Z", "event": "fetch_error", "error": "<urlopen error [SSL: CERTIFICATE_VERIFY_FAILED] certificate verify failed: certificate has expired (_ssl.c:1000)>"}
{"ts": "2026-07-28T23:48:12Z", "event": "fetch_error", "error": "<urlopen error [SSL: CERTIFICATE_VERIFY_FAILED] certificate verify failed: certificate has expired (_ssl.c:1000)>"}
{"ts": "2026-07-28T23:51:11Z", "event": "fetch_error", "error": "<urlopen error [SSL: CERTIFICATE_VERIFY_FAILED] certificate verify failed: certificate has expired (_ssl.c:1000)>"}
{"ts": "2026-07-28T23:54:18Z", "event": "fetch_error", "error": "<urlopen error [SSL: CERTIFICATE_VERIFY_FAILED] certificate verify failed: certificate has expired (_ssl.c:1000)>"}
{"ts": "2026-07-28T23:57:19Z", "event": "fetch_error", "error": "<urlopen error [SSL: CERTIFICATE_VERIFY_FAILED] certificate verify failed: certificate has expired (_ssl.c:1000)>"}
{"ts": "2026-07-29T00:00:57Z", "event": "fetch_error", "error": "<urlopen error [SSL: CERTIFICATE_VERIFY_FAILED] certificate verify failed: certificate has expired (_ssl.c:1000)>"}
{"ts": "2026-07-29T00:03:13Z", "event": "fetch_error", "error": "<urlopen error [SSL: CERTIFICATE_VERIFY_FAILED] certificate verify failed: certificate has expired (_ssl.c:1000)>"}
{"ts": "2026-07-29T00:06:19Z", "event": "fetch_error", "error": "<urlopen error [SSL: CERTIFICATE_VERIFY_FAILED] certificate verify failed: certificate has expired (_ssl.c:1000)>"}
{"ts": "2026-07-29T00:07:35Z", "event": "fetch_error", "error": "<urlopen error [SSL: CERTIFICATE_VERIFY_FAILED] certificate verify failed: certificate has expired (_ssl.c:1000)>"}
{"ts": "2026-07-29T00:09:17Z", "event": "fetch_error", "error": "<urlopen error [SSL: CERTIFICATE_VERIFY_FAILED] certificate verify failed: certificate has expired (_ssl.c:1000)>"}
{"ts": "2026-07-29T00:12:12Z", "event": "fetch_error", "error": "<urlopen error [SSL: CERTIFICATE_VERIFY_FAILED] certificate verify failed: certificate has expired (_ssl.c:1000)>"}
{"ts": "2026-07-29T00:15:31Z", "event": "fetch_error", "error": "<urlopen error [SSL: CERTIFICATE_VERIFY_FAILED] certificate verify failed: certificate has expired (_ssl.c:1000)>"}
{"ts": "2026-07-29T00:18:13Z", "event": "fetch_error", "error": "<urlopen error [SSL: CERTIFICATE_VERIFY_FAILED] certificate verify failed: certificate has expired (_ssl.c:1000)>"}
{"ts": "2026-07-29T00:21:17Z", "event": "fetch_error", "error": "<urlopen error [SSL: CERTIFICATE_VERIFY_FAILED] certificate verify failed: certificate has expired (_ssl.c:1000)>"}
{"ts": "2026-07-29T00:24:13Z", "event": "fetch_error", "error": "<urlopen error [SSL: CERTIFICATE_VERIFY_FAILED] certificate verify failed: certificate has expired (_ssl.c:1000)>"}
{"ts": "2026-07-29T00:27:12Z", "event": "fetch_error", "error": "<urlopen error [SSL: CERTIFICATE_VERIFY_FAILED] certificate verify failed: certificate has expired (_ssl.c:1000)>"}
{"ts": "2026-07-29T00:30:38Z", "event": "fetch_error", "error": "<urlopen error [SSL: CERTIFICATE_VERIFY_FAILED] certificate verify failed: certificate has expired (_ssl.c:1000)>"}
{"ts": "2026-07-29T00:33:10Z", "event": "fetch_error", "error": "<urlopen error [SSL: CERTIFICATE_VERIFY_FAILED] certificate verify failed: certificate has expired (_ssl.c:1000)>"}
{"ts": "2026-07-29T00:36:19Z", "event": "fetch_error", "error": "<urlopen error [SSL: CERTIFICATE_VERIFY_FAILED] certificate verify failed: certificate has expired (_ssl.c:1000)>"}
{"ts": "2026-07-29T00:39:12Z", "event": "fetch_error", "error": "<urlopen error [SSL: CERTIFICATE_VERIFY_FAILED] certificate verify failed: certificate has expired (_ssl.c:1000)>"}
{"ts": "2026-07-29T00:42:18Z", "event": "fetch_error", "error": "<urlopen error [SSL: CERTIFICATE_VERIFY_FAILED] certificate verify failed: certificate has expired (_ssl.c:1000)>"}
{"ts": "2026-07-29T00:45:25Z", "event": "fetch_error", "error": "<urlopen error [SSL: CERTIFICATE_VERIFY_FAILED] certificate verify failed: certificate has expired (_ssl.c:1000)>"}
{"ts": "2026-07-29T00:48:15Z", "event": "fetch_error", "error": "<urlopen error [SSL: CERTIFICATE_VERIFY_FAILED] certificate verify failed: certificate has expired (_ssl.c:1000)>"}
{"ts": "2026-07-29T00:51:11Z", "event": "fetch_error", "error": "<urlopen error [SSL: CERTIFICATE_VERIFY_FAILED] certificate verify failed: certificate has expired (_ssl.c:1000)>"}
{"ts": "2026-07-29T00:54:18Z", "event": "fetch_error", "error": "<urlopen error [SSL: CERTIFICATE_VERIFY_FAILED] certificate verify failed: certificate has expired (_ssl.c:1000)>"}
{"ts": "2026-07-29T00:57:11Z", "event": "fetch_error", "error": "<urlopen error [SSL: CERTIFICATE_VERIFY_FAILED] certificate verify failed: certificate has expired (_ssl.c:1000)>"}
{"ts": "2026-07-29T01:00:55Z", "event": "fetch_error", "error": "<urlopen error [SSL: CERTIFICATE_VERIFY_FAILED] certificate verify failed: certificate has expired (_ssl.c:1000)>"}
{"ts": "2026-07-29T01:03:11Z", "event": "fetch_error", "error": "<urlopen error [SSL: CERTIFICATE_VERIFY_FAILED] certificate verify failed: certificate has expired (_ssl.c:1000)>"}
{"ts": "2026-07-29T01:06:14Z", "event": "fetch_error", "error": "<urlopen error [SSL: CERTIFICATE_VERIFY_FAILED] certificate verify failed: certificate has expired (_ssl.c:1000)>"}
{"ts": "2026-07-29T01:09:17Z", "event": "fetch_error", "error": "<urlopen error [SSL: CERTIFICATE_VERIFY_FAILED] certificate verify failed: certificate has expired (_ssl.c:1000)>"}
{"ts": "2026-07-29T01:12:12Z", "event": "fetch_error", "error": "<urlopen error [SSL: CERTIFICATE_VERIFY_FAILED] certificate verify failed: certificate has expired (_ssl.c:1000)>"}
{"ts": "2026-07-29T01:15:23Z", "event": "fetch_error", "error": "<urlopen error [SSL: CERTIFICATE_VERIFY_FAILED] certificate verify failed: certificate has expired (_ssl.c:1000)>"}
{"ts": "2026-07-29T01:18:18Z", "event": "fetch_error", "error": "<urlopen error [SSL: CERTIFICATE_VERIFY_FAILED] certificate verify failed: certificate has expired (_ssl.c:1000)>"}
{"ts": "2026-07-29T01:21:17Z", "event": "fetch_error", "error": "<urlopen error [SSL: CERTIFICATE_VERIFY_FAILED] certificate verify failed: certificate has expired (_ssl.c:1000)>"}
{"ts": "2026-07-29T01:24:15Z", "event": "fetch_error", "error": "<urlopen error [SSL: CERTIFICATE_VERIFY_FAILED] certificate verify failed: certificate has expired (_ssl.c:1000)>"}
{"ts": "2026-07-29T01:27:11Z", "event": "fetch_error", "error": "<urlopen error [SSL: CERTIFICATE_VERIFY_FAILED] certificate verify failed: certificate has expired (_ssl.c:1000)>"}
{"ts": "2026-07-29T01:30:38Z", "event": "fetch_error", "error": "<urlopen error [SSL: CERTIFICATE_VERIFY_FAILED] certificate verify failed: certificate has expired (_ssl.c:1000)>"}
{"ts": "2026-07-29T01:33:10Z", "event": "fetch_error", "error": "<urlopen error [SSL: CERTIFICATE_VERIFY_FAILED] certificate verify failed: certificate has expired (_ssl.c:1000)>"}
{"ts": "2026-07-29T01:36:18Z", "event": "fetch_error", "error": "<urlopen error [SSL: CERTIFICATE_VERIFY_FAILED] certificate verify failed: certificate has expired (_ssl.c:1000)>"}
{"ts": "2026-07-29T01:39:12Z", "event": "fetch_error", "error": "<urlopen error [SSL: CERTIFICATE_VERIFY_FAILED] certificate verify failed: certificate has expired (_ssl.c:1000)>"}
{"ts": "2026-07-29T01:42:14Z", "event": "fetch_error", "error": "<urlopen error [SSL: CERTIFICATE_VERIFY_FAILED] certificate verify failed: certificate has expired (_ssl.c:1000)>"}
{"ts": "2026-07-29T01:45:21Z", "event": "fetch_error", "error": "<urlopen error [SSL: CERTIFICATE_VERIFY_FAILED] certificate verify failed: certificate has expired (_ssl.c:1000)>"}
{"ts": "2026-07-29T01:48:13Z", "event": "fetch_error", "error": "<urlopen error [SSL: CERTIFICATE_VERIFY_FAILED] certificate verify failed: certificate has expired (_ssl.c:1000)>"}
{"ts": "2026-07-29T01:51:10Z", "event": "fetch_error", "error": "<urlopen error [SSL: CERTIFICATE_VERIFY_FAILED] certificate verify failed: certificate has expired (_ssl.c:1000)>"}
{"ts": "2026-07-29T01:54:12Z", "event": "fetch_error", "error": "<urlopen error [SSL: CERTIFICATE_VERIFY_FAILED] certificate verify failed: certificate has expired (_ssl.c:1000)>"}
{"ts": "2026-07-29T01:57:11Z", "event": "fetch_error", "error": "<urlopen error [SSL: CERTIFICATE_VERIFY_FAILED] certificate verify failed: certificate has expired (_ssl.c:1000)>"}
{"ts": "2026-07-29T02:00:49Z", "event": "fetch_error", "error": "<urlopen error [SSL: CERTIFICATE_VERIFY_FAILED] certificate verify failed: certificate has expired (_ssl.c:1000)>"}
{"ts": "2026-07-29T02:03:16Z", "event": "fetch_error", "error": "<urlopen error [SSL: CERTIFICATE_VERIFY_FAILED] certificate verify failed: certificate has expired (_ssl.c:1000)>"}
{"ts": "2026-07-29T02:06:20Z", "event": "fetch_error", "error": "<urlopen error [SSL: CERTIFICATE_VERIFY_FAILED] certificate verify failed: certificate has expired (_ssl.c:1000)>"}
{"ts": "2026-07-29T02:09:17Z", "event": "fetch_error", "error": "<urlopen error [SSL: CERTIFICATE_VERIFY_FAILED] certificate verify failed: certificate has expired (_ssl.c:1000)>"}
{"ts": "2026-07-29T02:12:12Z", "event": "fetch_error", "error": "<urlopen error [SSL: CERTIFICATE_VERIFY_FAILED] certificate verify failed: certificate has expired (_ssl.c:1000)>"}
{"ts": "2026-07-29T02:15:31Z", "event": "fetch_error", "error": "<urlopen error [SSL: CERTIFICATE_VERIFY_FAILED] certificate verify failed: certificate has expired (_ssl.c:1000)>"}
{"ts": "2026-07-29T02:18:13Z", "event": "fetch_error", "error": "<urlopen error [SSL: CERTIFICATE_VERIFY_FAILED] certificate verify failed: certificate has expired (_ssl.c:1000)>"}
{"ts": "2026-07-29T02:21:10Z", "event": "fetch_error", "error": "<urlopen error [SSL: CERTIFICATE_VERIFY_FAILED] certificate verify failed: certificate has expired (_ssl.c:1000)>"}
{"ts": "2026-07-29T02:24:17Z", "event": "fetch_error", "error": "<urlopen error [SSL: CERTIFICATE_VERIFY_FAILED] certificate verify failed: certificate has expired (_ssl.c:1000)>"}
{"ts": "2026-07-29T02:27:11Z", "event": "fetch_error", "error": "<urlopen error [SSL: CERTIFICATE_VERIFY_FAILED] certificate verify failed: certificate has expired (_ssl.c:1000)>"}
{"ts": "2026-07-29T02:30:38Z", "event": "fetch_error", "error": "<urlopen error [SSL: CERTIFICATE_VERIFY_FAILED] certificate verify failed: certificate has expired (_ssl.c:1000)>"}
